INFO:root:path=test
INFO:root:Checking test/1param.out
INFO:root:test/1param.out Correct!
INFO:root:Checking test/aqs.out
INFO:root:test/aqs.out Correct!
INFO:root:Checking test/aqs-6.out
INFO:root:test/aqs-6.out Correct!
INFO:root:Checking test/2param.out
INFO:root:test/2param.out Correct!
INFO:root:Checking test/catalan2.out
INFO:root:Diff between reference and your output for test/catalan2.out
INFO:root:
--- reference
+++ your-output
@@ -1 +0,0 @@
-1430
INFO:root:Checking test/aqs-2.out
INFO:root:test/aqs-2.out Correct!
INFO:root:Checking test/aqs-5.out
INFO:root:test/aqs-5.out Correct!
INFO:root:Checking test/aqs-7.out
INFO:root:test/aqs-7.out Correct!
INFO:root:Checking test/3int-blocks.out
INFO:root:test/3int-blocks.out Correct!
INFO:root:Checking test/1block-2var.out
INFO:root:test/1block-2var.out Correct!
INFO:root:Checking test/2int-blocks.out
INFO:root:test/2int-blocks.out Correct!
INFO:root:Checking test/2bool-blocks.out
INFO:root:test/2bool-blocks.out Correct!
INFO:root:Checking test/type-ok1.out
INFO:root:test/type-ok1.out Correct!
INFO:root:Checking test/aqs-3.out
INFO:root:test/aqs-3.out Correct!
INFO:root:Checking test/type-ok2.out
INFO:root:Diff between reference and your output for test/type-ok2.out
INFO:root:
--- reference
+++ your-output
@@ -1,6 +0,0 @@
-
-
-
-
-
-
INFO:root:Checking test/aqs-8.out
INFO:root:test/aqs-8.out Correct!
INFO:root:Checking test/aqs-9.out
INFO:root:test/aqs-9.out Correct!
INFO:root:Checking test/5blocks-fcall.out
INFO:root:test/5blocks-fcall.out Correct!
INFO:root:Checking test/1block-1var.out
INFO:root:test/1block-1var.out Correct!
INFO:root:Checking test/aqs-4.out
INFO:root:test/aqs-4.out Correct!
INFO:root:Checking test/3param.out
INFO:root:test/3param.out Correct!
INFO:root:path=dev
INFO:root:Checking dev/expr-testfile-6.out
INFO:root:dev/expr-testfile-6.out Correct!
INFO:root:Checking dev/if-func3.ret
INFO:root:dev/if-func3.ret Correct!
INFO:root:Checking dev/and.out
INFO:root:dev/and.out Correct!
INFO:root:Checking dev/bgr.out
INFO:root:dev/bgr.out Correct!
INFO:root:Checking dev/charescapevals.out
INFO:root:dev/charescapevals.out Correct!
INFO:root:Checking dev/intconst.out
INFO:root:dev/intconst.out Correct!
INFO:root:Checking dev/mixedcallchainexprmultibranch.out
INFO:root:dev/mixedcallchainexprmultibranch.out Correct!
INFO:root:Checking dev/mixedcallchainexpr.out
INFO:root:dev/mixedcallchainexpr.out Correct!
INFO:root:Checking dev/3.ret
INFO:root:dev/3.ret Correct!
INFO:root:Checking dev/charescapevals-3.out
INFO:root:dev/charescapevals-3.out Correct!
INFO:root:Checking dev/method0.out
INFO:root:dev/method0.out Correct!
INFO:root:Checking dev/charexpr-1.out
INFO:root:dev/charexpr-1.out Correct!
INFO:root:Checking dev/charvals-6.out
INFO:root:dev/charvals-6.out Correct!
INFO:root:Checking dev/stringescapes-4.out
INFO:root:dev/stringescapes-4.out Correct!
INFO:root:Checking dev/methodcall0.ret
INFO:root:dev/methodcall0.ret Correct!
INFO:root:Checking dev/catalan.ret
INFO:root:dev/catalan.ret Correct!
INFO:root:Checking dev/minus.out
INFO:root:dev/minus.out Correct!
INFO:root:Checking dev/charescapevals-1.out
INFO:root:dev/charescapevals-1.out Correct!
INFO:root:Checking dev/geq.out
INFO:root:dev/geq.out Correct!
INFO:root:Checking dev/charvals.out
INFO:root:dev/charvals.out Correct!
INFO:root:Checking dev/boolcall2.out
INFO:root:dev/boolcall2.out Correct!
INFO:root:Checking dev/intvar.out
INFO:root:dev/intvar.out Correct!
INFO:root:Checking dev/intcallchain3expr.out
INFO:root:dev/intcallchain3expr.out Correct!
INFO:root:Checking dev/stringescapes-6.out
INFO:root:dev/stringescapes-6.out Correct!
INFO:root:Checking dev/continue.ret
INFO:root:dev/continue.ret Correct!
INFO:root:Checking dev/prec.out
INFO:root:dev/prec.out Correct!
INFO:root:Checking dev/default-passes-ok.out
INFO:root:dev/default-passes-ok.out Correct!
INFO:root:Checking dev/neg.out
INFO:root:dev/neg.out Correct!
INFO:root:Checking dev/charescapevals-5.out
INFO:root:dev/charescapevals-5.out Correct!
INFO:root:Checking dev/charescapes-8.out
INFO:root:dev/charescapes-8.out Correct!
INFO:root:Checking dev/forward2.out
INFO:root:dev/forward2.out Correct!
INFO:root:Checking dev/charvals-11.out
INFO:root:dev/charvals-11.out Correct!
INFO:root:Checking dev/var4.out
INFO:root:dev/var4.out Correct!
INFO:root:Checking dev/stringescapes-3.out
INFO:root:dev/stringescapes-3.out Correct!
INFO:root:Checking dev/5.ret
INFO:root:dev/5.ret Correct!
INFO:root:Checking dev/charvals-7.out
INFO:root:dev/charvals-7.out Correct!
INFO:root:Checking dev/intcall1.out
INFO:root:dev/intcall1.out Correct!
INFO:root:Checking dev/var3.out
INFO:root:dev/var3.out Correct!
INFO:root:Checking dev/rshift.out
INFO:root:dev/rshift.out Correct!
INFO:root:Checking dev/leq.out
INFO:root:dev/leq.out Correct!
INFO:root:Checking dev/var2.out
INFO:root:dev/var2.out Correct!
INFO:root:Checking dev/15.ret
INFO:root:dev/15.ret Correct!
INFO:root:Checking dev/parens.ret
INFO:root:dev/parens.ret Correct!
INFO:root:Checking dev/stringconst-3.out
INFO:root:dev/stringconst-3.out Correct!
INFO:root:Checking dev/8.ret
INFO:root:dev/8.ret Correct!
INFO:root:Checking dev/whileloop.ret
INFO:root:dev/whileloop.ret Correct!
INFO:root:Checking dev/ifelse-prev.ret
INFO:root:dev/ifelse-prev.ret Correct!
INFO:root:Checking dev/charexpr-2.out
INFO:root:dev/charexpr-2.out Correct!
INFO:root:Checking dev/empty.ret
INFO:root:dev/empty.ret Correct!
INFO:root:Checking dev/charescapevals-7.out
INFO:root:dev/charescapevals-7.out Correct!
INFO:root:Checking dev/div.out
INFO:root:dev/div.out Correct!
INFO:root:Checking dev/10.ret
INFO:root:dev/10.ret Correct!
INFO:root:Checking dev/if-func1.ret
INFO:root:dev/if-func1.ret Correct!
INFO:root:Checking dev/bbooleq.out
INFO:root:dev/bbooleq.out Correct!
INFO:root:Checking dev/mod.out
INFO:root:dev/mod.out Correct!
INFO:root:Checking dev/stringescapes-8.out
INFO:root:dev/stringescapes-8.out Correct!
INFO:root:Checking dev/14.ret
INFO:root:dev/14.ret Correct!
INFO:root:Checking dev/or.out
INFO:root:dev/or.out Correct!
INFO:root:Checking dev/shadow.out
INFO:root:dev/shadow.out Correct!
INFO:root:Checking dev/charescapes-6.out
INFO:root:dev/charescapes-6.out Correct!
INFO:root:Checking dev/block.ret
INFO:root:dev/block.ret Correct!
INFO:root:Checking dev/2.ret
INFO:root:dev/2.ret Correct!
INFO:root:Checking dev/stringescapes-5.out
INFO:root:dev/stringescapes-5.out Correct!
INFO:root:Checking dev/assign.ret
INFO:root:dev/assign.ret Correct!
INFO:root:Checking dev/charescapes.out
INFO:root:dev/charescapes.out Correct!
INFO:root:Checking dev/charescapevals-2.out
INFO:root:dev/charescapevals-2.out Correct!
INFO:root:Checking dev/lt.out
INFO:root:dev/lt.out Correct!
INFO:root:Checking dev/returnmismatch-intofchar-ok.out
INFO:root:dev/returnmismatch-intofchar-ok.out Correct!
INFO:root:Checking dev/boolcallchain3.out
INFO:root:dev/boolcallchain3.out Correct!
INFO:root:Checking dev/boolcallchain2.out
INFO:root:dev/boolcallchain2.out Correct!
INFO:root:Checking dev/expr-testfile-8.out
INFO:root:dev/expr-testfile-8.out Correct!
INFO:root:Checking dev/expr-testfile-9.out
INFO:root:dev/expr-testfile-9.out Correct!
INFO:root:Checking dev/if.ret
INFO:root:dev/if.ret Correct!
INFO:root:Checking dev/intcallcallerexpr.out
INFO:root:dev/intcallcallerexpr.out Correct!
INFO:root:Checking dev/13.ret
INFO:root:dev/13.ret Correct!
INFO:root:Checking dev/returnexpr.ret
INFO:root:dev/returnexpr.ret Correct!
INFO:root:Checking dev/expr-testfile-1.out
INFO:root:dev/expr-testfile-1.out Correct!
INFO:root:Checking dev/charvals-12.out
INFO:root:dev/charvals-12.out Correct!
INFO:root:Checking dev/charvals-1.out
INFO:root:dev/charvals-1.out Correct!
INFO:root:Checking dev/stringconst-1.out
INFO:root:dev/stringconst-1.out Correct!
INFO:root:Checking dev/charvar.out
INFO:root:dev/charvar.out Correct!
INFO:root:Checking dev/methodcall2.ret
INFO:root:dev/methodcall2.ret Correct!
INFO:root:Checking dev/boolconst.out
INFO:root:dev/boolconst.out Correct!
INFO:root:Checking dev/externsmulti.ret
INFO:root:dev/externsmulti.ret Correct!
INFO:root:Checking dev/bboolneq.out
INFO:root:dev/bboolneq.out Correct!
INFO:root:Checking dev/charescapes-3.out
INFO:root:dev/charescapes-3.out Correct!
INFO:root:Checking dev/21.ret
INFO:root:dev/21.ret Correct!
INFO:root:Checking dev/arith2.ret
INFO:root:dev/arith2.ret Correct!
INFO:root:Checking dev/noexterns.out
INFO:root:dev/noexterns.out Correct!
INFO:root:Checking dev/forloop.ret
INFO:root:dev/forloop.ret Correct!
INFO:root:Checking dev/charvals-9.out
INFO:root:dev/charvals-9.out Correct!
INFO:root:Checking dev/assoc.ret
INFO:root:dev/assoc.ret Correct!
INFO:root:Checking dev/7.ret
INFO:root:dev/7.ret Correct!
INFO:root:Checking dev/expr-testfile-7.out
INFO:root:dev/expr-testfile-7.out Correct!
INFO:root:Checking dev/4.ret
INFO:root:dev/4.ret Correct!
INFO:root:Checking dev/charvals-13.out
INFO:root:dev/charvals-13.out Correct!
INFO:root:Checking dev/boolcallcallerexpr.out
INFO:root:dev/boolcallcallerexpr.out Correct!
INFO:root:Checking dev/method1.out
INFO:root:dev/method1.out Correct!
INFO:root:Checking dev/callexpr.out
INFO:root:dev/callexpr.out Correct!
INFO:root:Checking dev/intconst-var.out
INFO:root:dev/intconst-var.out Correct!
INFO:root:Checking dev/expr-testfile-5.out
INFO:root:dev/expr-testfile-5.out Correct!
INFO:root:Checking dev/charvals-2.out
INFO:root:dev/charvals-2.out Correct!
INFO:root:Checking dev/charvals-4.out
INFO:root:dev/charvals-4.out Correct!
INFO:root:Checking dev/e4.ret
INFO:root:dev/e4.ret Correct!
INFO:root:Checking dev/ifelse.ret
INFO:root:dev/ifelse.ret Correct!
INFO:root:Checking dev/expr-testfile-4.out
INFO:root:dev/expr-testfile-4.out Correct!
INFO:root:Checking dev/charescapes-2.out
INFO:root:dev/charescapes-2.out Correct!
INFO:root:Checking dev/expr-testfile-3.out
INFO:root:dev/expr-testfile-3.out Correct!
INFO:root:Checking dev/16.ret
INFO:root:dev/16.ret Correct!
INFO:root:Checking dev/charexpr.out
INFO:root:dev/charexpr.out Correct!
INFO:root:Checking dev/charvals-5.out
INFO:root:dev/charvals-5.out Correct!
INFO:root:Checking dev/stringconst.out
INFO:root:dev/stringconst.out Correct!
INFO:root:Checking dev/charvals-8.out
INFO:root:dev/charvals-8.out Correct!
INFO:root:Checking dev/methodcall1.ret
INFO:root:dev/methodcall1.ret Correct!
INFO:root:Checking dev/if-func2.ret
INFO:root:dev/if-func2.ret Correct!
INFO:root:Checking dev/quicksort.ret
INFO:root:dev/quicksort.ret Correct!
INFO:root:Checking dev/default-passes.out
INFO:root:dev/default-passes.out Correct!
INFO:root:Checking dev/boolneq.out
INFO:root:dev/boolneq.out Correct!
INFO:root:Checking dev/boolconst-var.out
INFO:root:dev/boolconst-var.out Correct!
INFO:root:Checking dev/charescapes-4.out
INFO:root:dev/charescapes-4.out Correct!
INFO:root:Checking dev/intneq.out
INFO:root:dev/intneq.out Correct!
INFO:root:Checking dev/bleq.out
INFO:root:dev/bleq.out Correct!
INFO:root:Checking dev/boolcallchain3expr.out
INFO:root:dev/boolcallchain3expr.out Correct!
INFO:root:Checking dev/charescapevals-9.out
INFO:root:dev/charescapevals-9.out Correct!
INFO:root:Checking dev/inteq.out
INFO:root:dev/inteq.out Correct!
INFO:root:Checking dev/decls-fail.ret
INFO:root:dev/decls-fail.ret Correct!
INFO:root:Checking dev/18.ret
INFO:root:dev/18.ret Correct!
INFO:root:Checking dev/e1.ret
INFO:root:dev/e1.ret Correct!
INFO:root:Checking dev/returnempty.ret
INFO:root:dev/returnempty.ret Correct!
INFO:root:Checking dev/charprint.out
INFO:root:dev/charprint.out Correct!
INFO:root:Checking dev/if-func4.ret
INFO:root:dev/if-func4.ret Correct!
INFO:root:Checking dev/bgeq.out
INFO:root:dev/bgeq.out Correct!
INFO:root:Checking dev/stringescapes-9.out
INFO:root:dev/stringescapes-9.out Correct!
INFO:root:Checking dev/1.ret
INFO:root:dev/1.ret Correct!
INFO:root:Checking dev/returnemptyparans.ret
INFO:root:dev/returnemptyparans.ret Correct!
INFO:root:Checking dev/if-func5.ret
INFO:root:dev/if-func5.ret Correct!
INFO:root:Checking dev/stringconst-2.out
INFO:root:dev/stringconst-2.out Correct!
INFO:root:Checking dev/externs.ret
INFO:root:dev/externs.ret Correct!
INFO:root:Checking dev/forward.out
INFO:root:dev/forward.out Correct!
INFO:root:Checking dev/intcallchain2.out
INFO:root:dev/intcallchain2.out Correct!
INFO:root:Checking dev/not.out
INFO:root:dev/not.out Correct!
INFO:root:Checking dev/e3.ret
INFO:root:dev/e3.ret Correct!
INFO:root:Checking dev/stringescapes-7.out
INFO:root:dev/stringescapes-7.out Correct!
INFO:root:Checking dev/stringescapes-1.out
INFO:root:dev/stringescapes-1.out Correct!
INFO:root:Checking dev/stringescapes.out
INFO:root:dev/stringescapes.out Correct!
INFO:root:Checking dev/callexprprint.out
INFO:root:dev/callexprprint.out Correct!
INFO:root:Checking dev/charescapevals-6.out
INFO:root:dev/charescapevals-6.out Correct!
INFO:root:Checking dev/charescapevals-4.out
INFO:root:dev/charescapevals-4.out Correct!
INFO:root:Checking dev/decls.ret
INFO:root:dev/decls.ret Correct!
INFO:root:Checking dev/binteq.out
INFO:root:dev/binteq.out Correct!
INFO:root:Checking dev/charescapes-9.out
INFO:root:dev/charescapes-9.out Correct!
INFO:root:Checking dev/e2.ret
INFO:root:dev/e2.ret Correct!
INFO:root:Checking dev/backward.out
INFO:root:dev/backward.out Correct!
INFO:root:Checking dev/charvals-10.out
INFO:root:dev/charvals-10.out Correct!
INFO:root:Checking dev/charescapes-1.out
INFO:root:dev/charescapes-1.out Correct!
INFO:root:Checking dev/externsmultinocomma.ret
INFO:root:dev/externsmultinocomma.ret Correct!
INFO:root:Checking dev/gr.out
INFO:root:dev/gr.out Correct!
INFO:root:Checking dev/lshift.out
INFO:root:dev/lshift.out Correct!
INFO:root:Checking dev/externprintint.out
INFO:root:dev/externprintint.out Correct!
INFO:root:Checking dev/9.ret
INFO:root:dev/9.ret Correct!
INFO:root:Checking dev/emptymethod.out
INFO:root:dev/emptymethod.out Correct!
INFO:root:Checking dev/booleq.out
INFO:root:dev/booleq.out Correct!
INFO:root:Checking dev/break.ret
INFO:root:dev/break.ret Correct!
INFO:root:Checking dev/expr-testfile-10.out
INFO:root:dev/expr-testfile-10.out Correct!
INFO:root:Checking dev/stringescapequote.out
INFO:root:dev/stringescapequote.out Correct!
INFO:root:Checking dev/expr-testfile-2.out
INFO:root:dev/expr-testfile-2.out Correct!
INFO:root:Checking dev/charescapes-7.out
INFO:root:dev/charescapes-7.out Correct!
INFO:root:Checking dev/escapes.ret
INFO:root:dev/escapes.ret Correct!
INFO:root:Checking dev/externprintstring.out
INFO:root:dev/externprintstring.out Correct!
INFO:root:Checking dev/charvals-3.out
INFO:root:dev/charvals-3.out Correct!
INFO:root:Checking dev/intcall2.out
INFO:root:dev/intcall2.out Correct!
INFO:root:Checking dev/11.ret
INFO:root:dev/11.ret Correct!
INFO:root:Checking dev/charescapes-5.out
INFO:root:dev/charescapes-5.out Correct!
INFO:root:Checking dev/expr-testfile-0.out
INFO:root:dev/expr-testfile-0.out Correct!
INFO:root:Checking dev/onlyvar.out
INFO:root:dev/onlyvar.out Correct!
INFO:root:Checking dev/charexpr-3.out
INFO:root:dev/charexpr-3.out Correct!
INFO:root:Checking dev/boolcall1.out
INFO:root:dev/boolcall1.out Correct!
INFO:root:Checking dev/boolcallcalleeexpr.out
INFO:root:dev/boolcallcalleeexpr.out Correct!
INFO:root:Checking dev/gcd.out
INFO:root:Diff between reference and your output for dev/gcd.out
INFO:root:
--- reference
+++ your-output
@@ -1 +0,0 @@
-10
INFO:root:Checking dev/assignmismatch-intofchar-ok.out
INFO:root:dev/assignmismatch-intofchar-ok.out Correct!
INFO:root:Checking dev/skct.out
INFO:root:dev/skct.out Correct!
INFO:root:Checking dev/method0-prev.ret
INFO:root:dev/method0-prev.ret Correct!
INFO:root:Checking dev/blt.out
INFO:root:dev/blt.out Correct!
INFO:root:Checking dev/stringconst2.out
INFO:root:dev/stringconst2.out Correct!
INFO:root:Checking dev/stringconst3.out
INFO:root:dev/stringconst3.out Correct!
INFO:root:Checking dev/method2.out
INFO:root:dev/method2.out Correct!
INFO:root:Checking dev/returnemptyparens.out
INFO:root:dev/returnemptyparens.out Correct!
INFO:root:Checking dev/call0.out
INFO:root:dev/call0.out Correct!
INFO:root:Checking dev/bintneq.out
INFO:root:dev/bintneq.out Correct!
INFO:root:Checking dev/stringescapes-2.out
INFO:root:dev/stringescapes-2.out Correct!
INFO:root:Checking dev/onlyfields.ret
INFO:root:dev/onlyfields.ret Correct!
INFO:root:Checking dev/19.ret
INFO:root:dev/19.ret Correct!
INFO:root:Checking dev/multvar.out
INFO:root:dev/multvar.out Correct!
INFO:root:Checking dev/plus.out
INFO:root:dev/plus.out Correct!
INFO:root:Checking dev/no-main.ret
INFO:root:dev/no-main.ret Correct!
INFO:root:Checking dev/boolvar.out
INFO:root:dev/boolvar.out Correct!
INFO:root:Checking dev/intcallcalleeexpr.out
INFO:root:dev/intcallcalleeexpr.out Correct!
INFO:root:Checking dev/onlymethods.ret
INFO:root:dev/onlymethods.ret Correct!
INFO:root:Checking dev/returnnoparens.ret
INFO:root:dev/returnnoparens.ret Correct!
INFO:root:Checking dev/times.out
INFO:root:dev/times.out Correct!
INFO:root:Checking dev/forward3.out
INFO:root:dev/forward3.out Correct!
INFO:root:Checking dev/onlystate.out
INFO:root:dev/onlystate.out Correct!
INFO:root:Checking dev/arith1.out
INFO:root:dev/arith1.out Correct!
INFO:root:Checking dev/arith3.ret
INFO:root:dev/arith3.ret Correct!
INFO:root:Checking dev/charexprprint.out
INFO:root:dev/charexprprint.out Correct!
INFO:root:Checking dev/arith4.out
INFO:root:dev/arith4.out Correct!
INFO:root:Checking dev/charescapevals-8.out
INFO:root:dev/charescapevals-8.out Correct!
INFO:root:Checking dev/intcallchain3.out
INFO:root:dev/intcallchain3.out Correct!
INFO:root:Checking dev/emptyblock.out
INFO:root:dev/emptyblock.out Correct!
INFO:root:Checking dev/intmethod.out
INFO:root:dev/intmethod.out Correct!
INFO:root:Checking dev/12.ret
INFO:root:dev/12.ret Correct!
INFO:root:Checking dev/externreadint.out
INFO:root:dev/externreadint.out Correct!
INFO:root:Checking dev/inthexconst.out
INFO:root:dev/inthexconst.out Correct!
